
> ai-chatbot@3.1.0 build
> tsx lib/db/migrate.ts && next build

ÔÅ¡´©Å  POSTGRES_URL not defined, skipping migrations
node.exe :  ÔÜá Warning: Next.js 
inferred your workspace root, but 
it may not be correct.
Au caractère C:\Program 
Files\nodejs\npm.ps1:29 : 3
+   & $NODE_EXE $NPM_CLI_JS $args
+   ~~~~~~~~~~~~~~~~~~~~~~~~~~~~~
    + CategoryInfo          : NotS 
   pecified: ( ÔÜá Warning: N...n  
  ot be correct.:String) [], Rem   
 oteException
    + FullyQualifiedErrorId : Nati 
   veCommandError
 
 We detected multiple lockfiles 
and selected the directory of 
C:\Users\GraphStats\pnpm-lock.yaml 
as the root directory.
 To silence this warning, set 
`turbopack.root` in your Next.js 
config, or consider removing one 
of the lockfiles if it's not 
needed.
   See https://nextjs.org/docs/app/
api-reference/config/next-config-js
/turbopack#root-directory for more 
information.
 Detected additional lockfiles: 
   * C:\Users\GraphStats\Desktop\Co
de\Newer\Pro\DockyAI\dockyai-test\p
npm-lock.yaml

   Ôû▓ Next.js 16.0.10 (Turbopack, Cache Components)
   - Environments: .env


> Build error occurred
Error: Both middleware file 
"./middleware.ts" and proxy file 
"./proxy.ts" are detected. Please 
use "./proxy.ts" only. Learn more: 
https://nextjs.org/docs/messages/mi
ddleware-to-proxy
    at ignore-listed frames
